{"time":1345426825,"stage":"Updating job","task":"redis/0 (canary)","tags":["redis"],"index":1,"total":1,"state":"in_progress","progress":42}
{"time":1345426825,"stage":"Updating job","task":"redis/0 (canary)","tags":["redis"],"index":1,"total":1,"state":"in_progress","progress":57}
{"time":1345426825,"stage":"Updating job","task":"redis/0 (canary)","tags":["redis"],"index":1,"total":1,"state":"in_progress","progress":71}
{"time":1345426831,"stage":"Updating job","task":"redis/0 (canary)","tags":["redis"],"index":1,"total":1,"state":"in_progress","progress":85}
{"time":1345426852,"stage":"Updating job","task":"redis/0 (canary)","tags":["redis"],"index":1,"total":1,"state":"in_progress","progress":100}
{"time":1345426852,"stage":"Updating job","task":"redis/0 (canary)","tags":["redis"],"index":1,"total":1,"state":"finished","progress":100}
{"time":1345426852,"stage":"Updating job","task":"gitolite/0 (canary)","tags":["gitolite"],"index":1,"total":1,"state":"started","progress":0}
{"time":1345426854,"stage":"Updating job","task":"gitolite/0 (canary)","tags":["gitolite"],"index":1,"total":1,"state":"in_progress","progress":14}
{"time":1345426854,"stage":"Updating job","task":"gitolite/0 (canary)","tags":["gitolite"],"index":1,"total":1,"state":"in_progress","progress":28}
{"time":1345426854,"stage":"Updating job","task":"gitolite/0 (canary)","tags":["gitolite"],"index":1,"total":1,"state":"in_progress","progress":42}
{"time":1345426854,"stage":"Updating job","task":"gitolite/0 (canary)","tags":["gitolite"],"index":1,"total":1,"state":"in_progress","progress":57}
{"time":1345426854,"stage":"Updating job","task":"gitolite/0 (canary)","tags":["gitolite"],"index":1,"total":1,"state":"in_progress","progress":71}
{"time":1345426867,"stage":"Updating job","task":"gitolite/0 (canary)","tags":["gitolite"],"index":1,"total":1,"state":"in_progress","progress":85}
{"time":1345426889,"stage":"Updating job","task":"gitolite/0 (canary)","tags":["gitolite"],"index":1,"total":1,"state":"in_progress","progress":100}
{"time":1345426889,"stage":"Updating job","task":"gitolite/0 (canary)","tags":["gitolite"],"index":1,"total":1,"state":"finished","progress":100}
{"time":1345426889,"stage":"Updating job","task":"gitlabhq/0 (canary)","tags":["gitlabhq"],"index":1,"total":1,"state":"started","progress":0}
{"time":1345426891,"stage":"Updating job","task":"gitlabhq/0 (canary)","tags":["gitlabhq"],"index":1,"total":1,"state":"in_progress","progress":14}
{"time":1345426891,"stage":"Updating job","task":"gitlabhq/0 (canary)","tags":["gitlabhq"],"index":1,"total":1,"state":"in_progress","progress":28}
{"time":1345426891,"stage":"Updating job","task":"gitlabhq/0 (canary)","tags":["gitlabhq"],"index":1,"total":1,"state":"in_progress","progress":42}
{"time":1345426891,"stage":"Updating job","task":"gitlabhq/0 (canary)","tags":["gitlabhq"],"index":1,"total":1,"state":"in_progress","progress":57}
{"time":1345426891,"stage":"Updating job","task":"gitlabhq/0 (canary)","tags":["gitlabhq"],"index":1,"total":1,"state":"in_progress","progress":71}
{"time":1345426929,"stage":"Updating job","task":"gitlabhq/0 (canary)","tags":["gitlabhq"],"index":1,"total":1,"state":"in_progress","progress":85}
{"time":1345427050,"stage":"Updating job","task":"gitlabhq/0 (canary)","tags":["gitlabhq"],"index":1,"total":1,"state":"in_progress","progress":100}
{"time":1345427050,"stage":"Updating job","task":"gitlabhq/0 (canary)","tags":["gitlabhq"],"index":1,"total":1,"state":"finished","progress":100}
{"time":1345426089,"stage":"Updating job","task":"resque/0 (canary)","tags":["resque"],"index":1,"total":1,"state":"started","progress":0}
{"time":1345426091,"stage":"Updating job","task":"resque/0 (canary)","tags":["resque"],"index":1,"total":1,"state":"in_progress","progress":14}
{"time":1345426091,"stage":"Updating job","task":"resque/0 (canary)","tags":["resque"],"index":1,"total":1,"state":"in_progress","progress":28}
{"time":1345426091,"stage":"Updating job","task":"resque/0 (canary)","tags":["resque"],"index":1,"total":1,"state":"in_progress","progress":42}
{"time":1345426091,"stage":"Updating job","task":"resque/0 (canary)","tags":["resque"],"index":1,"total":1,"state":"in_progress","progress":57}
{"time":1345426091,"stage":"Updating job","task":"resque/0 (canary)","tags":["resque"],"index":1,"total":1,"state":"in_progress","progress":71}
{"time":1345426029,"stage":"Updating job","task":"resque/0 (canary)","tags":["resque"],"index":1,"total":1,"state":"in_progress","progress":85}
{"time":1345427150,"stage":"Updating job","task":"resque/0 (canary)","tags":["resque"],"index":1,"total":1,"state":"in_progress","progress":100}
{"time":1345427150,"stage":"Updating job","task":"resque/0 (canary)","tags":["resque"],"index":1,"total":1,"state":"finished","progress":100}
