{"time":1345426790,"stage":"Binding instance VMs","task":"redis/0","tags":[],"index":1,"total":5,"state":"finished","progress":100}
{"time":1345426790,"stage":"Binding instance VMs","task":"gitlabhq/0","tags":[],"index":2,"total":5,"state":"finished","progress":100}
{"time":1345426790,"stage":"Binding instance VMs","task":"postgres/0","tags":[],"index":4,"total":5,"state":"finished","progress":100}
{"time":1345426790,"stage":"Binding instance VMs","task":"gitolite/0","tags":[],"index":3,"total":5,"state":"finished","progress":100}
{"time":1345426790,"stage":"Binding instance VMs","task":"resque/0","tags":[],"index":5,"total":5,"state":"finished","progress":100}
{"time":1345426790,"stage":"Preparing configuration","task":"Binding configuration","tags":[],"index":1,"total":1,"state":"started","progress":0}
{"time":1345426791,"stage":"Preparing configuration","task":"Binding configuration","tags":[],"index":1,"total":1,"state":"finished","progress":100}
{"time":1345426791,"stage":"Updating job","task":"postgres/0 (canary)","tags":["postgres"],"index":1,"total":1,"state":"started","progress":0}
{"time":1345426793,"stage":"Updating job","task":"postgres/0 (canary)","tags":["postgres"],"index":1,"total":1,"state":"in_progress","progress":14}
{"time":1345426793,"stage":"Updating job","task":"postgres/0 (canary)","tags":["postgres"],"index":1,"total":1,"state":"in_progress","progress":28}
{"time":1345426793,"stage":"Updating job","task":"postgres/0 (canary)","tags":["postgres"],"index":1,"total":1,"state":"in_progress","progress":42}
{"time":1345426793,"stage":"Updating job","task":"postgres/0 (canary)","tags":["postgres"],"index":1,"total":1,"state":"in_progress","progress":57}
{"time":1345426793,"stage":"Updating job","task":"postgres/0 (canary)","tags":["postgres"],"index":1,"total":1,"state":"in_progress","progress":71}
{"time":1345426802,"stage":"Updating job","task":"postgres/0 (canary)","tags":["postgres"],"index":1,"total":1,"state":"in_progress","progress":85}
{"time":1345426823,"stage":"Updating job","task":"postgres/0 (canary)","tags":["postgres"],"index":1,"total":1,"state":"in_progress","progress":100}
{"time":1345426823,"stage":"Updating job","task":"postgres/0 (canary)","tags":["postgres"],"index":1,"total":1,"state":"finished","progress":100}
{"time":1345426823,"stage":"Updating job","task":"redis/0 (canary)","tags":["redis"],"index":1,"total":1,"state":"started","progress":0}
{"time":1345426825,"stage":"Updating job","task":"redis/0 (canary)","tags":["redis"],"index":1,"total":1,"state":"in_progress","progress":14}
{"time":1345426825,"stage":"Updating job","task":"redis/0 (canary)","tags":["redis"],"index":1,"total":1,"state":"in_progress","progress":28}
