{"time":1345427150,"stage":"Updating job","task":"riak-dev/0 (canary)","tags":["riak-dev"],"index":1,"total":1,"state":"finished","progress":100}
